2026-03-25 12:11:43.594 [main] DEBUG [] client.Client - Log level set to: INFO
2026-03-25 12:11:43.595 [main] INFO  [] client.Client - Client starting with log level: INFO
2026-03-25 12:11:43.604 [main] INFO  [] client.Client - Connecting to localhost:12345
2026-03-25 12:11:43.604 [main] DEBUG [] client.network.ConnectionManager - Attempting to connect to localhost:12345
2026-03-25 12:11:43.609 [main] INFO  [] client.network.ConnectionManager - Successfully connected to localhost:12345
2026-03-25 12:11:43.609 [main] INFO  [] client.Client - Successfully connected to server
2026-03-25 12:11:57.222 [main] DEBUG [] client.Client - Log level set to: INFO
2026-03-25 12:11:57.224 [main] INFO  [] client.Client - Client starting with log level: INFO
2026-03-25 12:11:57.232 [main] INFO  [] client.Client - Connecting to localhost:12345
2026-03-25 12:11:57.232 [main] DEBUG [] client.network.ConnectionManager - Attempting to connect to localhost:12345
2026-03-25 12:11:57.238 [main] INFO  [] client.network.ConnectionManager - Successfully connected to localhost:12345
2026-03-25 12:11:57.239 [main] INFO  [] client.Client - Successfully connected to server
2026-03-25 12:12:15.772 [main] DEBUG [] client.Client - User entered command: 'show'
2026-03-25 12:12:15.784 [main] DEBUG [] client.Client - Sending request: show with requestId: c5a5a308
2026-03-25 12:12:15.785 [main] DEBUG [] client.network.ConnectionManager - Sending request: command=show, requestId=c5a5a308
2026-03-25 12:12:15.791 [main] DEBUG [] client.network.ConnectionManager - Request sent successfully: requestId=c5a5a308
2026-03-25 12:12:15.791 [main] DEBUG [] client.Client - Waiting for response...
2026-03-25 12:12:15.791 [main] DEBUG [] client.network.ConnectionManager - Waiting for response from server...
2026-03-25 12:12:34.584 [main] DEBUG [] client.Client - Log level set to: INFO
2026-03-25 12:12:34.586 [main] INFO  [] client.Client - Client starting with log level: INFO
2026-03-25 12:12:34.596 [main] INFO  [] client.Client - Connecting to localhost:12345
2026-03-25 12:12:34.596 [main] DEBUG [] client.network.ConnectionManager - Attempting to connect to localhost:12345
2026-03-25 12:12:34.602 [main] INFO  [] client.network.ConnectionManager - Successfully connected to localhost:12345
2026-03-25 12:12:34.603 [main] INFO  [] client.Client - Successfully connected to server
2026-03-25 12:14:07.922 [main] DEBUG [] client.Client - User entered command: 'show'
2026-03-25 12:14:07.931 [main] DEBUG [] client.Client - Sending request: show with requestId: adc3bf0e
2026-03-25 12:14:07.931 [main] DEBUG [] client.network.ConnectionManager - Sending request: command=show, requestId=adc3bf0e
2026-03-25 12:14:07.936 [main] DEBUG [] client.network.ConnectionManager - Request sent successfully: requestId=adc3bf0e
2026-03-25 12:14:07.937 [main] DEBUG [] client.Client - Waiting for response...
2026-03-25 12:14:07.937 [main] DEBUG [] client.network.ConnectionManager - Waiting for response from server...
2026-03-25 12:16:40.535 [main] INFO  [] server.Server - Log level set to: INFO
2026-03-25 12:16:40.537 [main] INFO  [] server.Server - === SpaceMarine Server Starting ===
2026-03-25 12:16:40.537 [main] INFO  [] server.Server - Configuration: port=12345, dataFile=/home/mkoblents/Yandex.Disk/maria/ITMO/progaaaaaaa/p_lab_5/src/sm.xml
2026-03-25 12:16:40.538 [main] INFO  [] server.Server - Loading collection from: /home/mkoblents/Yandex.Disk/maria/ITMO/progaaaaaaa/p_lab_5/src/sm.xml
2026-03-25 12:16:40.542 [main] INFO  [] server.Server - Loaded 8 elements from /home/mkoblents/Yandex.Disk/maria/ITMO/progaaaaaaa/p_lab_5/src/sm.xml
2026-03-25 12:16:40.544 [main] INFO  [] server.Server - === SpaceMarine Server Started ===
2026-03-25 12:16:40.544 [main] INFO  [] server.Server - Server listening on port 12345
2026-03-25 12:16:40.544 [main] INFO  [] server.Server - Console reader started
2026-03-25 12:16:40.548 [main] ERROR [] server.Server - Fatal IO error in server: Address already in use
java.net.BindException: Address already in use
	at java.base/sun.nio.ch.Net.bind0(Native Method)
	at java.base/sun.nio.ch.Net.bind(Net.java:567)
	at java.base/sun.nio.ch.Net.bind(Net.java:556)
	at java.base/sun.nio.ch.NioSocketImpl.bind(NioSocketImpl.java:648)
	at java.base/java.net.ServerSocket.bind(ServerSocket.java:388)
	at java.base/java.net.ServerSocket.<init>(ServerSocket.java:274)
	at java.base/java.net.ServerSocket.<init>(ServerSocket.java:167)
	at server.Server.main(Server.java:88)
2026-03-25 12:16:40.550 [Thread-0] INFO  [] server.Server - === Shutdown hook triggered ===
2026-03-25 12:16:40.550 [Thread-0] INFO  [] server.Server - Saving collection before shutdown...
2026-03-25 12:16:40.554 [Thread-1] INFO  [] server.Server - Console reader ready. Type 'save', 'exit', or 'help'.
2026-03-25 12:16:40.620 [Thread-0] INFO  [] s.outputWorkers.CollectionSaver - Collection saved successfully: 8 elements
2026-03-25 12:16:40.621 [Thread-0] INFO  [] server.Server - Collection saved successfully to /home/mkoblents/Yandex.Disk/maria/ITMO/progaaaaaaa/p_lab_5/src/sm.xml
2026-03-25 12:16:40.621 [Thread-0] INFO  [] server.Server - === Server shutdown complete ===
2026-03-25 12:17:07.914 [main] INFO  [] server.Server - Log level set to: INFO
2026-03-25 12:17:07.916 [main] INFO  [] server.Server - === SpaceMarine Server Starting ===
2026-03-25 12:17:07.916 [main] INFO  [] server.Server - Configuration: port=12345, dataFile=/home/mkoblents/Yandex.Disk/maria/ITMO/progaaaaaaa/p_lab_5/src/sm.xml
2026-03-25 12:17:07.917 [main] INFO  [] server.Server - Loading collection from: /home/mkoblents/Yandex.Disk/maria/ITMO/progaaaaaaa/p_lab_5/src/sm.xml
2026-03-25 12:17:07.921 [main] INFO  [] server.Server - Loaded 8 elements from /home/mkoblents/Yandex.Disk/maria/ITMO/progaaaaaaa/p_lab_5/src/sm.xml
2026-03-25 12:17:07.923 [main] INFO  [] server.Server - === SpaceMarine Server Started ===
2026-03-25 12:17:07.923 [main] INFO  [] server.Server - Server listening on port 12345
2026-03-25 12:17:07.923 [main] INFO  [] server.Server - Console reader started
2026-03-25 12:17:07.932 [Thread-1] INFO  [] server.Server - Console reader ready. Type 'save', 'exit', or 'help'.
2026-03-25 12:17:29.146 [main] INFO  [] client.Client - Client starting with log level: INFO
2026-03-25 12:17:29.157 [main] INFO  [] client.Client - Connecting to localhost:12345
2026-03-25 12:17:29.162 [main] INFO  [] client.network.ConnectionManager - Successfully connected to localhost:12345
2026-03-25 12:17:29.163 [main] INFO  [] client.Client - Successfully connected to server
2026-03-25 12:17:35.526 [main] INFO  [] client.Client - Client starting with log level: INFO
2026-03-25 12:17:35.536 [main] INFO  [] client.Client - Connecting to localhost:12345
2026-03-25 12:17:35.543 [main] INFO  [] client.network.ConnectionManager - Successfully connected to localhost:12345
2026-03-25 12:17:35.543 [main] INFO  [] client.Client - Successfully connected to server
2026-03-25 12:17:45.305 [Thread-2] INFO  [] server.Server - Response sent for requestId: 8d0abc5e
2026-03-25 12:17:48.661 [Thread-3] INFO  [] server.Server - Response sent for requestId: f3fa58d8
2026-03-25 12:18:01.661 [Thread-2] INFO  [] server.Server - Client disconnected: /127.0.0.1:57396
2026-03-25 12:18:02.597 [Thread-3] INFO  [] server.Server - Client disconnected: /127.0.0.1:37244
2026-03-25 12:18:04.429 [Thread-0] INFO  [] server.Server - === Shutdown hook triggered ===
2026-03-25 12:18:04.429 [Thread-0] INFO  [] server.Server - Saving collection before shutdown...
2026-03-25 12:18:04.495 [Thread-0] INFO  [] s.outputWorkers.CollectionSaver - Collection saved successfully: 8 elements
2026-03-25 12:18:04.495 [Thread-0] INFO  [] server.Server - Collection saved successfully to /home/mkoblents/Yandex.Disk/maria/ITMO/progaaaaaaa/p_lab_5/src/sm.xml
2026-03-25 12:18:04.495 [Thread-0] INFO  [] server.Server - === Server shutdown complete ===
2026-03-25 12:19:16.920 [main] DEBUG [] client.Client - Log level set to: INFO
2026-03-25 12:19:16.923 [main] INFO  [] client.Client - Client starting with log level: INFO
2026-03-25 12:19:16.945 [main] INFO  [] client.Client - Connecting to localhost:12345
2026-03-25 12:19:16.946 [main] DEBUG [] client.network.ConnectionManager - Attempting to connect to localhost:12345
2026-03-25 12:19:16.957 [main] INFO  [] client.network.ConnectionManager - Successfully connected to localhost:12345
2026-03-25 12:19:16.959 [main] INFO  [] client.Client - Successfully connected to server
2026-03-25 12:20:19.316 [main] DEBUG [] client.Client - User entered command: 'show'
2026-03-25 12:20:19.338 [main] DEBUG [] client.Client - Sending request: show with requestId: c0eceee3
2026-03-25 12:20:19.339 [main] DEBUG [] client.network.ConnectionManager - Sending request: command=show, requestId=c0eceee3
2026-03-25 12:20:19.351 [main] DEBUG [] client.network.ConnectionManager - Request sent successfully: requestId=c0eceee3
2026-03-25 12:20:19.351 [main] DEBUG [] client.Client - Waiting for response...
2026-03-25 12:20:19.352 [main] DEBUG [] client.network.ConnectionManager - Waiting for response from server...
2026-03-25 12:20:19.436 [main] DEBUG [] client.network.ConnectionManager - Response received: success=true, requestId=c0eceee3
2026-03-25 12:20:19.436 [main] DEBUG [] client.Client - Received response for requestId: c0eceee3, success: true
2026-03-25 12:21:36.499 [main] DEBUG [] client.Client - Log level set to: INFO
2026-03-25 12:21:36.502 [main] INFO  [] client.Client - Client starting with log level: INFO
2026-03-25 12:21:36.522 [main] INFO  [] client.Client - Connecting to localhost:12345
2026-03-25 12:21:36.523 [main] DEBUG [] client.network.ConnectionManager - Attempting to connect to localhost:12345
2026-03-25 12:21:36.533 [main] INFO  [] client.network.ConnectionManager - Successfully connected to localhost:12345
2026-03-25 12:21:36.534 [main] INFO  [] client.Client - Successfully connected to server
2026-03-25 12:21:42.325 [main] DEBUG [] client.Client - User entered command: 'add'
2026-03-25 12:21:46.797 [main] DEBUG [] client.Client - User entered command: 'add'
2026-03-25 12:22:00.353 [main] DEBUG [] client.Client - Sending request: add with requestId: 7925483e
2026-03-25 12:22:00.354 [main] DEBUG [] client.network.ConnectionManager - Sending request: command=add, requestId=7925483e
2026-03-25 12:22:00.362 [main] DEBUG [] client.network.ConnectionManager - Request sent successfully: requestId=7925483e
2026-03-25 12:22:00.362 [main] DEBUG [] client.Client - Waiting for response...
2026-03-25 12:22:00.362 [main] DEBUG [] client.network.ConnectionManager - Waiting for response from server...
2026-03-25 12:22:00.376 [main] DEBUG [] client.network.ConnectionManager - Response received: success=true, requestId=7925483e
2026-03-25 12:22:00.376 [main] DEBUG [] client.Client - Received response for requestId: 7925483e, success: true
2026-03-25 12:22:07.260 [main] DEBUG [] client.Client - Sending request: add with requestId: f0d831a0
2026-03-25 12:22:07.260 [main] DEBUG [] client.network.ConnectionManager - Sending request: command=add, requestId=f0d831a0
2026-03-25 12:22:07.276 [main] DEBUG [] client.network.ConnectionManager - Request sent successfully: requestId=f0d831a0
2026-03-25 12:22:07.277 [main] DEBUG [] client.Client - Waiting for response...
2026-03-25 12:22:07.277 [main] DEBUG [] client.network.ConnectionManager - Waiting for response from server...
2026-03-25 12:22:07.325 [main] DEBUG [] client.network.ConnectionManager - Response received: success=true, requestId=f0d831a0
2026-03-25 12:22:07.325 [main] DEBUG [] client.Client - Received response for requestId: f0d831a0, success: true
2026-03-25 12:22:10.036 [main] DEBUG [] client.Client - User entered command: 'show'
2026-03-25 12:22:10.037 [main] DEBUG [] client.Client - Sending request: show with requestId: 021cdbc6
2026-03-25 12:22:10.037 [main] DEBUG [] client.network.ConnectionManager - Sending request: command=show, requestId=021cdbc6
2026-03-25 12:22:10.038 [main] DEBUG [] client.network.ConnectionManager - Request sent successfully: requestId=021cdbc6
2026-03-25 12:22:10.038 [main] DEBUG [] client.Client - Waiting for response...
2026-03-25 12:22:10.038 [main] DEBUG [] client.network.ConnectionManager - Waiting for response from server...
2026-03-25 12:22:10.061 [main] DEBUG [] client.network.ConnectionManager - Response received: success=true, requestId=021cdbc6
2026-03-25 12:22:10.061 [main] DEBUG [] client.Client - Received response for requestId: 021cdbc6, success: true
