2026-04-02 12:28:59.096 [main] INFO  [] server.Server - Log level set to: INFO
2026-04-02 12:28:59.098 [main] INFO  [] server.Server - === SpaceMarine Server Starting ===
2026-04-02 12:28:59.098 [main] INFO  [] server.Server - Configuration: port=12345, dataFile=/home/mkoblents/Yandex.Disk/maria/ITMO/progaaaaaaa/p_lab_5/src/sm.xml
2026-04-02 12:28:59.099 [main] INFO  [] server.Server - Loading collection from: /home/mkoblents/Yandex.Disk/maria/ITMO/progaaaaaaa/p_lab_5/src/sm.xml
2026-04-02 12:28:59.104 [main] INFO  [] server.Server - Loaded 12 elements from /home/mkoblents/Yandex.Disk/maria/ITMO/progaaaaaaa/p_lab_5/src/sm.xml
2026-04-02 12:28:59.105 [main] INFO  [] server.Server - === SpaceMarine Server Started ===
2026-04-02 12:28:59.106 [main] INFO  [] server.Server - Server listening on port 12345
2026-04-02 12:28:59.106 [main] INFO  [] server.Server - Console reader started
2026-04-02 12:28:59.114 [Thread-1] INFO  [] server.console.ConsoleHandler - Console reader ready. Type 'save', 'exit', or 'help'.
2026-04-02 12:29:01.273 [main] INFO  [] server.Server - Client connected: /127.0.0.1:35044
2026-04-02 12:29:10.758 [Thread-2] INFO  [] server.network.ClientHandler - Response sent for requestId: 243ed238
2026-04-02 12:29:33.053 [Thread-2] INFO  [] server.network.ClientHandler - Response sent for requestId: e2dcd8da
2026-04-02 12:29:53.752 [Thread-2] INFO  [] server.network.ClientHandler - Client disconnected: /127.0.0.1:35044
2026-04-02 12:29:55.689 [Thread-0] INFO  [] server.Server - === Shutdown hook triggered ===
2026-04-02 12:29:55.690 [Thread-0] INFO  [] server.Server - Saving collection before shutdown...
2026-04-02 12:29:55.755 [Thread-0] INFO  [] s.outputWorkers.CollectionSaver - Collection saved successfully: 12 elements
2026-04-02 12:29:55.755 [Thread-0] INFO  [] server.Server - Collection saved successfully to /home/mkoblents/Yandex.Disk/maria/ITMO/progaaaaaaa/p_lab_5/src/sm.xml
2026-04-02 12:29:55.755 [Thread-0] INFO  [] server.Server - === Server shutdown complete ===
2026-04-02 12:36:48.796 [main] INFO  [] server.Server - Log level set to: INFO
2026-04-02 12:36:48.798 [main] INFO  [] server.Server - === SpaceMarine Server Starting ===
2026-04-02 12:36:48.798 [main] INFO  [] server.Server - Configuration: port=12345, dataFile=/home/mkoblents/Yandex.Disk/maria/ITMO/progaaaaaaa/p_lab_5/src/sm.xml
2026-04-02 12:36:48.799 [main] INFO  [] server.Server - Loading collection from: /home/mkoblents/Yandex.Disk/maria/ITMO/progaaaaaaa/p_lab_5/src/sm.xml
2026-04-02 12:36:48.804 [main] INFO  [] server.Server - Loaded 12 elements from /home/mkoblents/Yandex.Disk/maria/ITMO/progaaaaaaa/p_lab_5/src/sm.xml
2026-04-02 12:36:48.806 [main] INFO  [] server.Server - === SpaceMarine Server Started ===
2026-04-02 12:36:48.806 [main] INFO  [] server.Server - Server listening on port 12345
2026-04-02 12:36:48.807 [main] INFO  [] server.Server - Console reader started
2026-04-02 12:36:48.814 [Thread-1] INFO  [] server.console.ConsoleHandler - Console reader ready. Type 'save', 'exit', or 'help'.
2026-04-02 12:37:11.094 [main] INFO  [] server.Server - Client connected: /127.0.0.1:35608
2026-04-02 12:37:14.089 [Thread-2] INFO  [] server.network.ClientHandler - Response sent for requestId: 9d154f90
2026-04-02 12:37:26.746 [Thread-2] INFO  [] server.network.ClientHandler - Client disconnected: /127.0.0.1:35608
2026-04-02 12:37:30.304 [Thread-0] INFO  [] server.Server - === Shutdown hook triggered ===
2026-04-02 12:37:30.304 [Thread-0] INFO  [] server.Server - Saving collection before shutdown...
2026-04-02 12:37:30.369 [Thread-0] INFO  [] s.outputWorkers.CollectionSaver - Collection saved successfully: 12 elements
2026-04-02 12:37:30.370 [Thread-0] INFO  [] server.Server - Collection saved successfully to /home/mkoblents/Yandex.Disk/maria/ITMO/progaaaaaaa/p_lab_5/src/sm.xml
2026-04-02 12:37:30.370 [Thread-0] INFO  [] server.Server - === Server shutdown complete ===
2026-04-02 12:46:33.665 [main] INFO  [] server.Server - Log level set to: INFO
2026-04-02 12:46:33.667 [main] INFO  [] server.Server - === SpaceMarine Server Starting ===
2026-04-02 12:46:33.667 [main] INFO  [] server.Server - Configuration: port=12345, dataFile=/home/mkoblents/Yandex.Disk/maria/ITMO/progaaaaaaa/p_lab_5/src/sm.xml
2026-04-02 12:46:33.668 [main] INFO  [] server.Server - Loading collection from: /home/mkoblents/Yandex.Disk/maria/ITMO/progaaaaaaa/p_lab_5/src/sm.xml
2026-04-02 12:46:33.673 [main] INFO  [] server.Server - Loaded 12 elements from /home/mkoblents/Yandex.Disk/maria/ITMO/progaaaaaaa/p_lab_5/src/sm.xml
2026-04-02 12:46:33.677 [main] INFO  [] server.Server - === SpaceMarine Server Started ===
2026-04-02 12:46:33.678 [main] INFO  [] server.Server - Server listening on port 12345
2026-04-02 12:46:33.678 [main] INFO  [] server.Server - Console reader started
2026-04-02 12:46:33.686 [Thread-1] INFO  [] server.console.ConsoleHandler - Console reader ready. Type 'save', 'exit', or 'help'.
2026-04-02 12:46:38.769 [main] INFO  [] server.Server - Client connected: /127.0.0.1:34798
2026-04-02 12:46:52.482 [Thread-2] INFO  [] server.manager.ClientRegistry - Client 158b16be registered as child of ee704d83
2026-04-02 12:46:52.487 [Thread-2] INFO  [] server.network.ClientHandler - Response sent for requestId: 7e1b2192
2026-04-02 12:46:52.974 [main] INFO  [] server.Server - Client connected: /127.0.0.1:37338
2026-04-02 12:47:02.392 [Thread-2] INFO  [] server.network.ClientHandler - Client disconnected: /127.0.0.1:34798
2026-04-02 12:47:02.392 [Thread-3] INFO  [] server.network.ClientHandler - Client disconnected: /127.0.0.1:37338
2026-04-02 12:47:08.515 [Thread-0] INFO  [] server.Server - === Shutdown hook triggered ===
2026-04-02 12:47:08.516 [Thread-0] INFO  [] server.Server - Saving collection before shutdown...
2026-04-02 12:47:08.645 [Thread-0] INFO  [] s.outputWorkers.CollectionSaver - Collection saved successfully: 12 elements
2026-04-02 12:47:08.646 [Thread-0] INFO  [] server.Server - Collection saved successfully to /home/mkoblents/Yandex.Disk/maria/ITMO/progaaaaaaa/p_lab_5/src/sm.xml
2026-04-02 12:47:08.646 [Thread-0] INFO  [] server.Server - === Server shutdown complete ===
